Component: ARM Compiler 5.06 update 7 (build 960) Tool: armlink [4d3601]

==============================================================================

Image Symbol Table

    Local Symbols

    Symbol Name                              Value     Ov Type        Size  Object(Section)

    .text                                    0x00000000   Section        0  flashprg.o(.text)
    FlashDev.c                               0x00000000   Number         0  flashdev.o ABSOLUTE
    FlashPrg.c                               0x00000000   Number         0  flashprg.o ABSOLUTE
    .data                                    0x000000d0   Section        4  flashprg.o(.data)
    .constdata                               0x000000d4   Section     4256  flashdev.o(.constdata)

    Global Symbols

    Symbol Name                              Value     Ov Type        Size  Object(Section)

    BuildAttributes$$THM_ISAv3M$S$PE$A:L22$X:L11$S22$IEEE1$IW$RWPI$~STKCKD$USESV7$~SHL$OSPACE$ROPI$EBA8$STANDARDLIB$REQ8$PRES8$EABIv2 0x00000000   Number         0  anon$$obj.o ABSOLUTE
    Init                                     0x00000001   Thumb Code    22  flashprg.o(.text)
    UnInit                                   0x00000017   Thumb Code     4  flashprg.o(.text)
    EraseSector                              0x0000001b   Thumb Code    76  flashprg.o(.text)
    ProgramPage                              0x00000067   Thumb Code    80  flashprg.o(.text)
    base_adr                                 0x000000d0   Data           4  flashprg.o(.data)
    FlashDevice                              0x000000d4   Data        4256  flashdev.o(.constdata)



==============================================================================

Memory Map of the image

  Image entry point : Not specified.

  Load Region PRG (Base: 0x00000000, Size: 0x000000d4, Max: 0xffffffff, PI)

    Execution Region PrgCode (Exec base: 0x00000000, Load base: 0x00000000, Size: 0x000000cc, Max: 0xffffffff, PI)

    Exec Addr    Load Addr    Size         Type   Attr      Idx    E Section Name        Object

    0x00000000   0x00000000   0x000000cc   Code   RO            1    .text               flashprg.o


    Execution Region PrgData (Exec base: 0x000000cc, Load base: 0x000000cc, Size: 0x00000008, Max: 0xffffffff, PI)

    Exec Addr    Load Addr    Size         Type   Attr      Idx    E Section Name        Object

    0x000000cc   0x000000cc   0x00000004   Data   RW           30    PDT$$ptr            anon$$obj.o
    0x000000d0   0x000000d0   0x00000004   Data   RW            2    .data               flashprg.o



  Load Region DSCR (Base: 0x000000d4, Size: 0x000010a0, Max: 0xffffffff, PI)

    Execution Region DevDscr (Exec base: 0x000000d4, Load base: 0x000000d4, Size: 0x000010a0, Max: 0xffffffff, PI)

    Exec Addr    Load Addr    Size         Type   Attr      Idx    E Section Name        Object

    0x000000d4   0x000000d4   0x000010a0   Data   RO           21    .constdata          flashdev.o


==============================================================================

Image component sizes


      Code (inc. data)   RO Data    RW Data    ZI Data      Debug   Object Name

         0          0       4256          0          0        646   flashdev.o
       204         22          0          4          0       5757   flashprg.o

    ----------------------------------------------------------------------
       204         22       4256          8          0       6403   Object Totals
         0          0          0          4          0          0   (incl. Generated)
         0          0          0          0          0          0   (incl. Padding)

    ----------------------------------------------------------------------
         0          0          0          0          0          0   Library Totals
         0          0          0          0          0          0   (incl. Padding)

    ----------------------------------------------------------------------

==============================================================================


      Code (inc. data)   RO Data    RW Data    ZI Data      Debug   

       204         22       4256          8          0       6403   Grand Totals
       204         22       4256          8          0       6403   ELF Image Totals
       204         22       4256          8          0          0   ROM Totals

==============================================================================

    Total RO  Size (Code + RO Data)                 4460 (   4.36kB)
    Total RW  Size (RW Data + ZI Data)                 8 (   0.01kB)
    Total ROM Size (Code + RO Data + RW Data)       4468 (   4.36kB)

==============================================================================

