<html>
<body>
<pre>
<h1>µVision Build Log</h1>
<h2>Tool Versions:</h2>
IDE-Version: µVision V5.37.0.19
Copyright (C) 2022 ARM Ltd and ARM Germany GmbH. All rights reserved.
License Information: Martin Günther, ARM Germany, LIC=DSN0X-1ZEWQ-0AFH6-BFBC3-3FT8E-5DIH8
 
Tool Versions:
Toolchain:       MDK-ARM Professional  Version: 5.37.0.4
Toolchain Path:  C:\Keil_v5\ARM\ARMCC\Bin
C Compiler:      Armcc.exe V5.06 update 7 (build 960)
Assembler:       Armasm.exe V5.06 update 7 (build 960)
Linker/Locator:  ArmLink.exe V5.06 update 7 (build 960)
Library Manager: ArmAr.exe V5.06 update 7 (build 960)
Hex Converter:   FromElf.exe V5.06 update 7 (build 960)
CPU DLL:         SARMCM3.DLL V5.37.0.4
Dialog DLL:      DARMCM1.DLL V1.19.6.0
Target DLL:      UL2CM3.DLL V1.164.7.1
Dialog DLL:      TARMCM1.DLL V1.14.6.0
 
<h2>Project:</h2>
C:\_Martin\my JIRA cases (open)\SDMDK-10231 (Microchip PIC32CM-JH support)\Microchip.PIC32CM-JH_DFP-1.1.90-dev0\PIC32CM-JH00\keil\Flash\PIC32CM-JH\PIC32CM-JH.uvprojx
Project File Date:  10/13/2022

<h2>Output:</h2>
*** Using Compiler 'V5.06 update 7 (build 960)', folder: 'C:\Keil_v5\ARM\ARMCC\Bin'
Rebuild target 'PIC32CM-JH_512_Data'
compiling FlashDev.c...
compiling FlashPrg.c...
linking...
Program Size: Code=136 RO-data=4256 RW-data=8 ZI-data=0  
After Build - User command #1: cmd.exe /C copy ".\Out\PIC32CM-JH_512_Data.axf" "..\PIC32CM-JH_512_Data.FLM"
        1 file(s) copied.
".\Out\PIC32CM-JH_512_Data.axf" - 0 Error(s), 0 Warning(s).

<h2>Software Packages used:</h2>

Package Vendor: ARM
                http://www.keil.com/pack/ARM.CMSIS.5.9.0.pack
                ARM.CMSIS.5.9.0
                CMSIS (Common Microcontroller Software Interface Standard)
   * Component: CORE Version: 5.6.0

<h2>Collection of Component include folders:</h2>
  ./RTE/_PIC32CM-JH_512_Data
  C:/Keil_v5_Packs/ARM/CMSIS/5.9.0/CMSIS/Core/Include
  C:/Keil_v5_Packs/ARM/CMSIS/5.9.0/Device/ARM/ARMCM0/Include

<h2>Collection of Component Files used:</h2>

   * Component: ARM::CMSIS:CORE:5.6.0
Build Time Elapsed:  00:00:00
</pre>
</body>
</html>
