Component: ARM Compiler 5.06 update 7 (build 960) Tool: armlink [4d3601]

==============================================================================

Section Cross References

    flashprg.o(.text) refers to flashprg.o(.data) for .data


==============================================================================

Image Symbol Table

    Local Symbols

    Symbol Name                              Value     Ov Type        Size  Object(Section)

    .text                                    0x00000000   Section        0  flashprg.o(.text)
    FlashDev.c                               0x00000000   Number         0  flashdev.o ABSOLUTE
    FlashPrg.c                               0x00000000   Number         0  flashprg.o ABSOLUTE
    .data                                    0x000000e4   Section        4  flashprg.o(.data)
    .data                                    0x000000e8   Section        4  flashprg.o(.data)
    .constdata                               0x000000ec   Section     4256  flashdev.o(.constdata)

    Global Symbols

    Symbol Name                              Value     Ov Type        Size  Object(Section)

    BuildAttributes$$THM_ISAv3M$S$PE$A:L22$X:L11$S22$IEEE1$IW$RWPI$~STKCKD$USESV7$~SHL$OSPACE$ROPI$EBA8$STANDARDLIB$REQ8$PRES8$EABIv2 0x00000000   Number         0  anon$$obj.o ABSOLUTE
    Init                                     0x00000001   Thumb Code    58  flashprg.o(.text)
    UnInit                                   0x0000003b   Thumb Code     4  flashprg.o(.text)
    EraseSector                              0x0000003f   Thumb Code    32  flashprg.o(.text)
    ProgramPage                              0x0000005f   Thumb Code   104  flashprg.o(.text)
    base_adr                                 0x000000e4   Data           4  flashprg.o(.data)
    bod12_cal                                0x000000e8   Data           4  flashprg.o(.data)
    FlashDevice                              0x000000ec   Data        4256  flashdev.o(.constdata)



==============================================================================

Memory Map of the image

  Image entry point : Not specified.

  Load Region PRG (Base: 0x00000000, Size: 0x000000ec, Max: 0xffffffff, PI)

    Execution Region PrgCode (Exec base: 0x00000000, Load base: 0x00000000, Size: 0x000000e0, Max: 0xffffffff, PI)

    Exec Addr    Load Addr    Size         Type   Attr      Idx    E Section Name        Object

    0x00000000   0x00000000   0x000000e0   Code   RO            1    .text               flashprg.o


    Execution Region PrgData (Exec base: 0x000000e0, Load base: 0x000000e0, Size: 0x0000000c, Max: 0xffffffff, PI)

    Exec Addr    Load Addr    Size         Type   Attr      Idx    E Section Name        Object

    0x000000e0   0x000000e0   0x00000004   Data   RW           34    PDT$$ptr            anon$$obj.o
    0x000000e4   0x000000e4   0x00000004   Data   RW            2    .data               flashprg.o
    0x000000e8   0x000000e8   0x00000004   Data   RW            3    .data               flashprg.o



  Load Region DSCR (Base: 0x000000ec, Size: 0x000010a0, Max: 0xffffffff, PI)

    Execution Region DevDscr (Exec base: 0x000000ec, Load base: 0x000000ec, Size: 0x000010a0, Max: 0xffffffff, PI)

    Exec Addr    Load Addr    Size         Type   Attr      Idx    E Section Name        Object

    0x000000ec   0x000000ec   0x000010a0   Data   RO           25    .constdata          flashdev.o


==============================================================================

Image component sizes


      Code (inc. data)   RO Data    RW Data    ZI Data      Debug   Object Name

         0          0       4256          0          0        546   flashdev.o
       224         26          0          8          0       9079   flashprg.o

    ----------------------------------------------------------------------
       224         26       4256         12          0       9625   Object Totals
         0          0          0          4          0          0   (incl. Generated)
         0          0          0          0          0          0   (incl. Padding)

    ----------------------------------------------------------------------
         0          0          0          0          0          0   Library Totals
         0          0          0          0          0          0   (incl. Padding)

    ----------------------------------------------------------------------

==============================================================================


      Code (inc. data)   RO Data    RW Data    ZI Data      Debug   

       224         26       4256         12          0       9625   Grand Totals
       224         26       4256         12          0       9625   ELF Image Totals
       224         26       4256         12          0          0   ROM Totals

==============================================================================

    Total RO  Size (Code + RO Data)                 4480 (   4.38kB)
    Total RW  Size (RW Data + ZI Data)                12 (   0.01kB)
    Total ROM Size (Code + RO Data + RW Data)       4492 (   4.39kB)

==============================================================================

