<html>
<body>
<pre>
<h1>µVision Build Log</h1>
<h2>Tool Versions:</h2>
IDE-Version: µVision V5.33.0.28
Copyright (C) 2021 ARM Ltd and ARM Germany GmbH. All rights reserved.
License Information: Vladimir Marchenko, ARM, LIC=LJWMJ-UVJRT-JX9UV-MJ1Y1-73GTI-9IM5C
 
Tool Versions:
Toolchain:       MDK-ARM Professional  Version: 5.33.0.10
Toolchain Path:  C:\Keil_v5\ARM\ARMCC\Bin
C Compiler:      Armcc.exe V5.06 update 7 (build 960)
Assembler:       Armasm.exe V5.06 update 7 (build 960)
Linker/Locator:  ArmLink.exe V5.06 update 7 (build 960)
Library Manager: ArmAr.exe V5.06 update 7 (build 960)
Hex Converter:   FromElf.exe V5.06 update 7 (build 960)
CPU DLL:         SARMCM3.DLL V5.33.0.10
Dialog DLL:      DARMCM1.DLL V1.19.4.0
Target DLL:      UL2CM3.DLL V1.163.9.0
Dialog DLL:      TARMCM1.DLL V1.14.3.0
 
<h2>Project:</h2>
C:\Users\vlamar01\OneDrive - Arm\SIPS\MCHP\Microchip.PIC32CM-LE_DFP-1.0.111\keil\flash\PIC32CM_LE\PIC32CM_LE.uvprojx
Project File Date:  04/16/2021

<h2>Output:</h2>
*** Using Compiler 'V5.06 update 7 (build 960)', folder: 'C:\Keil_v5\ARM\ARMCC\Bin'
Rebuild target 'PIC32CM2532-LE_FLASH'
compiling FlashPrg.c...
compiling FlashDev.c...
linking...
Program Size: Code=224 RO-data=4256 RW-data=12 ZI-data=0  
After Build - User command #1: cmd.exe /C copy ".\Out\PIC32CM2532LE_FLASH.axf" "..\PIC32CM2532LE_FLASH.FLM"
        1 file(s) copied.
".\Out\PIC32CM2532LE_FLASH.axf" - 0 Error(s), 0 Warning(s).

<h2>Software Packages used:</h2>

Package Vendor: ARM
                http://www.keil.com/pack/ARM.CMSIS.5.7.1-dev0.pack
                ARM.CMSIS.5.7.1-dev0
                CMSIS (Cortex Microcontroller Software Interface Standard)

<h2>Collection of Component include folders:</h2>
  c:\Keil_v5\ARM\Packs\ARM\CMSIS\5.7.1-dev0\Device\ARM\ARMCM0\Include

<h2>Collection of Component Files used:</h2>
Build Time Elapsed:  00:00:00
</pre>
</body>
</html>
