<!doctype html public "-//w3c//dtd html 4.0 transitional//en">
<html><head>
<title>Static Call Graph - [.\Out\PIC32CM5264LE_FLASH.axf]</title></head>
<body><HR>
<H1>Static Call Graph for image .\Out\PIC32CM5264LE_FLASH.axf</H1><HR>
<BR><P>#&#060CALLGRAPH&#062# ARM Linker, 5060960: Last Updated: Fri Apr 16 14:24:44 2021
<BR><P>
<H3>Maximum Stack Usage =          0 bytes</H3><H3>
Call chain for Maximum Stack Depth:</H3>

<P>
<H3>
Global Symbols
</H3>
<P><STRONG><a name="[0]"></a>Init</STRONG> (Thumb, 58 bytes, Stack size 8 bytes, flashprg.o(.text), UNUSED)

<P><STRONG><a name="[1]"></a>UnInit</STRONG> (Thumb, 4 bytes, Stack size 0 bytes, flashprg.o(.text), UNUSED)

<P><STRONG><a name="[2]"></a>EraseSector</STRONG> (Thumb, 32 bytes, Stack size 0 bytes, flashprg.o(.text), UNUSED)

<P><STRONG><a name="[3]"></a>ProgramPage</STRONG> (Thumb, 104 bytes, Stack size 20 bytes, flashprg.o(.text), UNUSED)
<P>
<H3>
Local Symbols
</H3><P>
<H3>
Undefined Global Symbols
</H3><HR></body></html>
